avro-columns,1,1732104020556,2,0,b'key0',True,0,1234567890,123.44999694824219,123456.7891234568,b'test',Test message
avro-columns,1,1732104020556,2,1,b'key0',True,4,1234567890,123.44999694824219,123456.7891234568,b'test',Test message
avro-columns,1,1732104020556,2,2,b'key0',True,8,1234567890,123.44999694824219,123456.7891234568,b'test',Test message
avro-columns,1,1732104020556,2,3,b'key0',True,12,1234567890,123.44999694824219,123456.7891234568,b'test',Test message
