avro-value,1,1732104020556,0,0,b'key3',3,avro-value-111,Test message 3
avro-value,1,1732104020556,0,1,b'key3',7,avro-value-111,Test message 7
avro-value,1,1732104020556,0,2,b'key3',11,avro-value-111,Test message 11
