avro-value,1,1732104020556,1,0,b'key1',"{'id': 1, 'key': 'avro-value-111', 'text': 'Test message 1'}"
avro-value,1,1732104020556,1,1,b'key2',"{'id': 2, 'key': 'avro-value-111', 'text': 'Test message 2'}"
avro-value,1,1732104020556,1,2,b'key1',"{'id': 5, 'key': 'avro-value-111', 'text': 'Test message 5'}"
avro-value,1,1732104020556,1,3,b'key2',"{'id': 6, 'key': 'avro-value-111', 'text': 'Test message 6'}"
avro-value,1,1732104020556,1,4,b'key1',"{'id': 9, 'key': 'avro-value-111', 'text': 'Test message 9'}"
avro-value,1,1732104020556,1,5,b'key2',"{'id': 10, 'key': 'avro-value-111', 'text': 'Test message 10'}"
avro-value,1,1732104020556,1,6,b'key1',"{'id': 13, 'key': 'avro-value-111', 'text': 'Test message 13'}"
avro-value,1,1732104020556,1,7,b'key2',"{'id': 14, 'key': 'avro-value-111', 'text': 'Test message 14'}"
