text-message,1,1732104020556,1,0,b'key1',Test message 1
text-message,1,1732104020556,1,1,b'key2',Test message 2
text-message,1,1732104020556,1,2,b'key1',Test message 5
text-message,1,1732104020556,1,3,b'key2',Test message 6
text-message,1,1732104020556,1,4,b'key1',Test message 9
text-message,1,1732104020556,1,5,b'key2',Test message 10
text-message,1,1732104020556,1,6,b'key1',Test message 13
text-message,1,1732104020556,1,7,b'key2',Test message 14
