text-message,1,1732104020556,2,0,b'key0',Test message 0
text-message,1,1732104020556,2,1,b'key0',Test message 4
text-message,1,1732104020556,2,2,b'key0',Test message 8
text-message,1,1732104020556,2,3,b'key0',Test message 12
