text-message,1,1732104020556,0,0,b'key3',Test message 3
text-message,1,1732104020556,0,1,b'key3',Test message 7
text-message,1,1732104020556,0,2,b'key3',Test message 11
