avro-columns,1,1732104020556,1,0,b'key1',1,avro-columns-111,Test message 1
avro-columns,1,1732104020556,1,1,b'key2',2,avro-columns-111,Test message 2
avro-columns,1,1732104020556,1,2,b'key1',5,avro-columns-111,Test message 5
avro-columns,1,1732104020556,1,3,b'key2',6,avro-columns-111,Test message 6
avro-columns,1,1732104020556,1,4,b'key1',9,avro-columns-111,Test message 9
avro-columns,1,1732104020556,1,5,b'key2',10,avro-columns-111,Test message 10
avro-columns,1,1732104020556,1,6,b'key1',13,avro-columns-111,Test message 13
avro-columns,1,1732104020556,1,7,b'key2',14,avro-columns-111,Test message 14
