avro-columns,1,1732104020556,0,0,b'key3',3,avro-columns-111,Test message 3
avro-columns,1,1732104020556,0,1,b'key3',7,avro-columns-111,Test message 7
avro-columns,1,1732104020556,0,2,b'key3',11,avro-columns-111,Test message 11
