avro-columns,1,1732104020556,0,0,b'key3',True,3,1234567890,123.44999694824219,123456.7891234568,b'test',Test message
avro-columns,1,1732104020556,0,1,b'key3',True,7,1234567890,123.44999694824219,123456.7891234568,b'test',Test message
avro-columns,1,1732104020556,0,2,b'key3',True,11,1234567890,123.44999694824219,123456.7891234568,b'test',Test message
