avro-columns,1,1732104020556,1,0,b'key1',True,1,1234567890,123.44999694824219,123456.7891234568,b'test',Test message
avro-columns,1,1732104020556,1,1,b'key2',True,2,1234567890,123.44999694824219,123456.7891234568,b'test',Test message
avro-columns,1,1732104020556,1,2,b'key1',True,5,1234567890,123.44999694824219,123456.7891234568,b'test',Test message
avro-columns,1,1732104020556,1,3,b'key2',True,6,1234567890,123.44999694824219,123456.7891234568,b'test',Test message
avro-columns,1,1732104020556,1,4,b'key1',True,9,1234567890,123.44999694824219,123456.7891234568,b'test',Test message
avro-columns,1,1732104020556,1,5,b'key2',True,10,1234567890,123.44999694824219,123456.7891234568,b'test',Test message
avro-columns,1,1732104020556,1,6,b'key1',True,13,1234567890,123.44999694824219,123456.7891234568,b'test',Test message
avro-columns,1,1732104020556,1,7,b'key2',True,14,1234567890,123.44999694824219,123456.7891234568,b'test',Test message
