avro-value,1,1732104020556,0,0,b'key3',"{'id': 3, 'key': 'avro-value-111', 'text': 'Test message 3'}"
avro-value,1,1732104020556,0,1,b'key3',"{'id': 7, 'key': 'avro-value-111', 'text': 'Test message 7'}"
avro-value,1,1732104020556,0,2,b'key3',"{'id': 11, 'key': 'avro-value-111', 'text': 'Test message 11'}"
